[0m12:48:14.157268 [debug] [MainThread]: Sending event: {'category': 'dbt', 'action': 'invocation', 'label': 'start', 'context': [<snowplow_tracker.self_describing_json.SelfDescribingJson object at 0x00000267CF47BDA0>, <snowplow_tracker.self_describing_json.SelfDescribingJson object at 0x00000267CD125D90>, <snowplow_tracker.self_describing_json.SelfDescribingJson object at 0x00000267D04D7860>]}


============================== 12:48:14.161318 | a8ff2687-10f4-4094-ac12-c64a8acda397 ==============================
[0m12:48:14.161318 [info ] [MainThread]: Running with dbt=1.11.11
[0m12:48:14.162359 [debug] [MainThread]: running dbt with arguments {'version_check': 'True', 'no_print': 'None', 'static_parser': 'True', 'warn_error_options': 'WarnErrorOptionsV2(error=[], warn=[], silence=[])', 'target_path': 'None', 'printer_width': '80', 'write_json': 'True', 'empty': 'None', 'log_cache_events': 'False', 'introspect': 'True', 'cache_selected_only': 'False', 'log_format': 'default', 'debug': 'False', 'fail_fast': 'False', 'partial_parse': 'True', 'send_anonymous_usage_stats': 'True', 'quiet': 'False', 'warn_error': 'None', 'profiles_dir': 'C:\\Users\\user\\.dbt', 'invocation_command': 'dbt init', 'use_colors': 'True', 'indirect_selection': 'eager', 'use_experimental_parser': 'False', 'log_path': 'logs'}
[0m12:50:36.428616 [debug] [MainThread]: Starter project path: C:\Users\user\DBT_Snowflake-end-to-end-pipeline\.venv\Lib\site-packages\dbt\include\starter_project
[0m12:50:36.463235 [info ] [MainThread]: 
Your new dbt project "aws_dbt_snowflake_project" was created!

For more information on how to configure the profiles.yml file,
please consult the dbt documentation here:

  https://docs.getdbt.com/docs/configure-your-profile

One more thing:

Need help? Don't hesitate to reach out to us via GitHub issues or on Slack:

  https://community.getdbt.com/

Happy modeling!

[0m12:50:36.464230 [info ] [MainThread]: Setting up your profile.
[0m12:51:00.634436 [debug] [MainThread]: Snowflake adapter: Setting snowflake.connector to ERROR (file logging only)
[0m12:51:00.636436 [debug] [MainThread]: Snowflake adapter: Setting botocore to ERROR (file logging only)
[0m12:51:00.638339 [debug] [MainThread]: Snowflake adapter: Setting boto3 to ERROR (file logging only)
[0m13:00:28.844193 [info ] [MainThread]: Profile aws_dbt_snowflake_project written to C:\Users\user\.dbt\profiles.yml using target's profile_template.yml and your supplied values. Run 'dbt debug' to validate the connection.
[0m13:00:28.922144 [debug] [MainThread]: Command `dbt init` succeeded at 13:00:28.920142 after 734.93 seconds
[0m13:00:28.930852 [debug] [MainThread]: Sending event: {'category': 'dbt', 'action': 'invocation', 'label': 'end', 'context': [<snowplow_tracker.self_describing_json.SelfDescribingJson object at 0x00000267CC815EE0>, <snowplow_tracker.self_describing_json.SelfDescribingJson object at 0x00000267D1884770>, <snowplow_tracker.self_describing_json.SelfDescribingJson object at 0x00000267D28A44A0>]}
[0m13:00:28.935879 [debug] [MainThread]: Flushing usage events
[0m13:00:30.267377 [debug] [MainThread]: An error was encountered while trying to flush usage events
[0m15:31:44.648830 [debug] [MainThread]: Sending event: {'category': 'dbt', 'action': 'invocation', 'label': 'start', 'context': [<snowplow_tracker.self_describing_json.SelfDescribingJson object at 0x0000028F43A77860>, <snowplow_tracker.self_describing_json.SelfDescribingJson object at 0x0000028F43D641D0>, <snowplow_tracker.self_describing_json.SelfDescribingJson object at 0x0000028F43D64500>]}


============================== 15:31:44.654843 | 0ec0fe75-748a-4d9b-8a7b-35d85ac8564d ==============================
[0m15:31:44.654843 [info ] [MainThread]: Running with dbt=1.11.11
[0m15:31:44.655842 [debug] [MainThread]: running dbt with arguments {'version_check': 'True', 'no_print': 'None', 'static_parser': 'True', 'warn_error_options': 'WarnErrorOptionsV2(error=[], warn=[], silence=[])', 'target_path': 'None', 'printer_width': '80', 'write_json': 'True', 'empty': 'None', 'log_cache_events': 'False', 'introspect': 'True', 'cache_selected_only': 'False', 'fail_fast': 'False', 'debug': 'False', 'log_format': 'default', 'profiles_dir': 'C:\\Users\\user\\.dbt', 'send_anonymous_usage_stats': 'True', 'quiet': 'False', 'warn_error': 'None', 'partial_parse': 'True', 'indirect_selection': 'eager', 'invocation_command': 'dbt debug', 'use_colors': 'True', 'use_experimental_parser': 'False', 'log_path': 'logs'}
[0m15:31:44.704562 [info ] [MainThread]: dbt version: 1.11.11
[0m15:31:44.705566 [info ] [MainThread]: python version: 3.12.0
[0m15:31:44.706566 [info ] [MainThread]: python path: C:\Users\user\DBT_Snowflake-end-to-end-pipeline\.venv\Scripts\python.exe
[0m15:31:44.710569 [info ] [MainThread]: os info: Windows-11-10.0.26200-SP0
[0m15:31:44.722565 [info ] [MainThread]: Error importing adapter: No module named 'dbt.adapters.sqlserver'
[0m15:31:45.438175 [debug] [MainThread]: Snowflake adapter: Setting snowflake.connector to ERROR (file logging only)
[0m15:31:45.438175 [debug] [MainThread]: Snowflake adapter: Setting botocore to ERROR (file logging only)
[0m15:31:45.439174 [debug] [MainThread]: Snowflake adapter: Setting boto3 to ERROR (file logging only)
[0m15:31:45.551964 [info ] [MainThread]: Error importing adapter: No module named 'dbt.adapters.duckdb'
[0m15:31:45.553951 [info ] [MainThread]: Using profiles dir at C:\Users\user\.dbt
[0m15:31:45.553951 [info ] [MainThread]: Using profiles.yml file at C:\Users\user\.dbt\profiles.yml
[0m15:31:45.554948 [info ] [MainThread]: Using dbt_project.yml file at C:\Users\user\DBT_Snowflake-end-to-end-pipeline\dbt_project.yml
[0m15:31:45.556950 [info ] [MainThread]: Configuration:
[0m15:31:45.557950 [info ] [MainThread]:   profiles.yml file [[31mERROR invalid[0m]
[0m15:31:45.558962 [info ] [MainThread]:   dbt_project.yml file [[31mERROR not found[0m]
[0m15:31:45.563949 [info ] [MainThread]: Required dependencies:
[0m15:31:45.564947 [debug] [MainThread]: Executing "git --help"
[0m15:31:45.604715 [debug] [MainThread]: STDOUT: "b"usage: git [-v | --version] [-h | --help] [-C <path>] [-c <name>=<value>]\n           [--exec-path[=<path>]] [--html-path] [--man-path] [--info-path]\n           [-p | --paginate | -P | --no-pager] [--no-replace-objects] [--bare]\n           [--git-dir=<path>] [--work-tree=<path>] [--namespace=<name>]\n           [--config-env=<name>=<envvar>] <command> [<args>]\n\nThese are common Git commands used in various situations:\n\nstart a working area (see also: git help tutorial)\n   clone     Clone a repository into a new directory\n   init      Create an empty Git repository or reinitialize an existing one\n\nwork on the current change (see also: git help everyday)\n   add       Add file contents to the index\n   mv        Move or rename a file, a directory, or a symlink\n   restore   Restore working tree files\n   rm        Remove files from the working tree and from the index\n\nexamine the history and state (see also: git help revisions)\n   bisect    Use binary search to find the commit that introduced a bug\n   diff      Show changes between commits, commit and working tree, etc\n   grep      Print lines matching a pattern\n   log       Show commit logs\n   show      Show various types of objects\n   status    Show the working tree status\n\ngrow, mark and tweak your common history\n   branch    List, create, or delete branches\n   commit    Record changes to the repository\n   merge     Join two or more development histories together\n   rebase    Reapply commits on top of another base tip\n   reset     Reset current HEAD to the specified state\n   switch    Switch branches\n   tag       Create, list, delete or verify a tag object signed with GPG\n\ncollaborate (see also: git help workflows)\n   fetch     Download objects and refs from another repository\n   pull      Fetch from and integrate with another repository or a local branch\n   push      Update remote refs along with associated objects\n\n'git help -a' and 'git help -g' list available subcommands and some\nconcept guides. See 'git help <command>' or 'git help <concept>'\nto read about a specific subcommand or concept.\nSee 'git help git' for an overview of the system.\n""
[0m15:31:45.605699 [debug] [MainThread]: STDERR: "b''"
[0m15:31:45.605699 [info ] [MainThread]:  - git [[32mOK found[0m]

[0m15:31:45.606696 [info ] [MainThread]: Connection test skipped since no profile was found
[0m15:31:45.607706 [info ] [MainThread]: [31m2 checks failed:[0m
[0m15:31:45.609701 [info ] [MainThread]: Could not load dbt_project.yml
Profile loading failed for the following reason:
Runtime Error
  Credentials in profile "InsuranceAnalyticsPipeline", target "dev" invalid: Runtime Error
    Could not find adapter type sqlserver!

Runtime Error
  Credentials in profile "my_dbt_project", target "dev" invalid: Runtime Error
    Could not find adapter type duckdb!


[0m15:31:45.612705 [info ] [MainThread]: Project loading failed for the following reason:
 project path <C:\Users\user\DBT_Snowflake-end-to-end-pipeline\dbt_project.yml> not found

[0m15:31:45.615698 [debug] [MainThread]: Command `dbt debug` failed at 15:31:45.614698 after 1.18 seconds
[0m15:31:45.615698 [debug] [MainThread]: Sending event: {'category': 'dbt', 'action': 'invocation', 'label': 'end', 'context': [<snowplow_tracker.self_describing_json.SelfDescribingJson object at 0x0000028F42DCF6E0>, <snowplow_tracker.self_describing_json.SelfDescribingJson object at 0x0000028F45E59A00>, <snowplow_tracker.self_describing_json.SelfDescribingJson object at 0x0000028F45E7DE80>]}
[0m15:31:45.616713 [debug] [MainThread]: Flushing usage events
[0m15:31:47.031307 [debug] [MainThread]: An error was encountered while trying to flush usage events
[0m11:40:53.714361 [debug] [MainThread]: Sending event: {'category': 'dbt', 'action': 'invocation', 'label': 'start', 'context': [<snowplow_tracker.self_describing_json.SelfDescribingJson object at 0x000001896AACF290>, <snowplow_tracker.self_describing_json.SelfDescribingJson object at 0x0000018967C19CA0>, <snowplow_tracker.self_describing_json.SelfDescribingJson object at 0x000001896A42F3B0>]}


============================== 11:40:53.720985 | 16055622-ef50-474d-a6cc-3101fed72f1c ==============================
[0m11:40:53.720985 [info ] [MainThread]: Running with dbt=1.11.11
[0m11:40:53.721987 [debug] [MainThread]: running dbt with arguments {'static_parser': 'True', 'no_print': 'None', 'version_check': 'True', 'target_path': 'None', 'warn_error_options': 'WarnErrorOptionsV2(error=[], warn=[], silence=[])', 'printer_width': '80', 'write_json': 'True', 'introspect': 'True', 'log_cache_events': 'False', 'empty': 'None', 'cache_selected_only': 'False', 'log_format': 'default', 'debug': 'False', 'fail_fast': 'False', 'profiles_dir': 'C:\\Users\\user\\.dbt', 'send_anonymous_usage_stats': 'True', 'quiet': 'False', 'warn_error': 'None', 'partial_parse': 'True', 'use_colors': 'True', 'indirect_selection': 'eager', 'invocation_command': 'dbt parse', 'use_experimental_parser': 'False', 'log_path': 'logs'}
[0m11:40:53.722987 [error] [MainThread]: Encountered an error:
Runtime Error
  No dbt_project.yml found at expected path C:\Users\user\DBT_Snowflake-end-to-end-pipeline\dbt_project.yml
  Verify that each entry within packages.yml (and their transitive dependencies) contains a file named dbt_project.yml
  
[0m11:40:53.723983 [debug] [MainThread]: Command `dbt parse` failed at 11:40:53.723983 after 0.43 seconds
[0m11:40:53.723983 [debug] [MainThread]: Sending event: {'category': 'dbt', 'action': 'invocation', 'label': 'end', 'context': [<snowplow_tracker.self_describing_json.SelfDescribingJson object at 0x000001896A628FE0>, <snowplow_tracker.self_describing_json.SelfDescribingJson object at 0x000001896985ECC0>, <snowplow_tracker.self_describing_json.SelfDescribingJson object at 0x0000018967305EB0>]}
[0m11:40:53.724989 [debug] [MainThread]: Flushing usage events
[0m11:40:55.243234 [debug] [MainThread]: An error was encountered while trying to flush usage events
[0m11:52:24.641695 [debug] [MainThread]: Sending event: {'category': 'dbt', 'action': 'invocation', 'label': 'start', 'context': [<snowplow_tracker.self_describing_json.SelfDescribingJson object at 0x0000023CBE99DAF0>, <snowplow_tracker.self_describing_json.SelfDescribingJson object at 0x0000023CBDF75B50>, <snowplow_tracker.self_describing_json.SelfDescribingJson object at 0x0000023CBE91C5C0>]}


============================== 11:52:24.649814 | 9284df3e-100a-4b88-839a-3aaa0b2ee9d8 ==============================
[0m11:52:24.649814 [info ] [MainThread]: Running with dbt=1.11.11
[0m11:52:24.650818 [debug] [MainThread]: running dbt with arguments {'version_check': 'True', 'no_print': 'None', 'static_parser': 'True', 'warn_error_options': 'WarnErrorOptionsV2(error=[], warn=[], silence=[])', 'target_path': 'None', 'printer_width': '80', 'write_json': 'True', 'introspect': 'True', 'log_cache_events': 'False', 'empty': 'False', 'cache_selected_only': 'False', 'fail_fast': 'False', 'debug': 'False', 'log_format': 'default', 'partial_parse': 'True', 'send_anonymous_usage_stats': 'True', 'quiet': 'False', 'warn_error': 'None', 'profiles_dir': 'C:\\Users\\user\\.dbt', 'indirect_selection': 'eager', 'use_colors': 'True', 'invocation_command': 'dbt run --select models/staging', 'use_experimental_parser': 'False', 'log_path': 'logs'}
[0m11:52:24.651813 [error] [MainThread]: Encountered an error:
Runtime Error
  No dbt_project.yml found at expected path C:\Users\user\DBT_Snowflake-end-to-end-pipeline\dbt_project.yml
  Verify that each entry within packages.yml (and their transitive dependencies) contains a file named dbt_project.yml
  
[0m11:52:24.653816 [debug] [MainThread]: Command `dbt run` failed at 11:52:24.653816 after 0.42 seconds
[0m11:52:24.653816 [debug] [MainThread]: Sending event: {'category': 'dbt', 'action': 'invocation', 'label': 'end', 'context': [<snowplow_tracker.self_describing_json.SelfDescribingJson object at 0x0000023CC078E9F0>, <snowplow_tracker.self_describing_json.SelfDescribingJson object at 0x0000023CC14C0A70>, <snowplow_tracker.self_describing_json.SelfDescribingJson object at 0x0000023CC0807FB0>]}
[0m11:52:24.654900 [debug] [MainThread]: Flushing usage events
[0m11:52:25.970812 [debug] [MainThread]: An error was encountered while trying to flush usage events
{"data":{"log_version":3,"version":"=2.0.0-preview.177"},"info":{"category":"","code":"A001","extra":{},"invocation_id":"019e6e83-c708-7d12-981f-a9f290b22ae8","level":"info","msg":"Running with dbt-fusion=2.0.0-preview.177","name":"MainReportVersion","pid":33596,"thread":"tokio-rt-worker","ts":"2026-05-28T12:16:30.541384Z"}}
{"data":{"args":{"debug":"false","invocation_command":"C:\\Users\\user\\.local\\bin\\dbt.exe license info --json --log-format json","log_format":"json","quiet":"false","write_json":"true"}},"info":{"category":"","code":"A002","extra":{},"invocation_id":"019e6e83-c708-7d12-981f-a9f290b22ae8","level":"debug","msg":"running dbt-fusion with arguments {\"command\":\"license\",\"vars\":\"{}\",\"limit\":\"10\",\"debug\":false,\"log_format\":\"json\",\"quiet\":false,\"write_json\":true,\"write_catalog\":false}","name":"MainReportArgs","pid":33596,"thread":"tokio-rt-worker","ts":"2026-05-28T12:16:30.541685Z"}}
{"data":{},"info":{"category":"","code":"","extra":{},"invocation_id":"019e6e83-c708-7d12-981f-a9f290b22ae8","level":"debug","msg":"No active cloud project configured, skipping remote license","name":"Generic","pid":33596,"thread":"tokio-rt-worker","ts":"2026-05-28T12:16:30.556516Z"}}
{"data":{"columns":[],"is_inline":true,"node_name":"license_info","output_format":"json","preview":"{\n  \"status\": \"not_found\",\n  \"licensing_enabled\": true\n}","unique_id":"license.info"},"info":{"category":"","code":"Q041","extra":{},"invocation_id":"019e6e83-c708-7d12-981f-a9f290b22ae8","level":"info","msg":"{\n  \"status\": \"not_found\",\n  \"licensing_enabled\": true\n}","name":"ShowNode","pid":33596,"thread":"tokio-rt-worker","ts":"2026-05-28T12:16:30.559051Z"}}
{"data":{"completed_at":"2026-05-28T12:16:31.455821Z","elapsed":0.9243119955062866,"success":true},"info":{"category":"","code":"Q039","extra":{},"invocation_id":"019e6e83-c708-7d12-981f-a9f290b22ae8","level":"info","msg":"\n==================== Execution Summary =====================\nFinished 'license' successfully [924ms]","name":"CommandCompleted","pid":33596,"thread":"tokio-rt-worker","ts":"2026-05-28T12:16:31.457876Z"}}
{"data":{"log_version":3,"version":"=2.0.0-preview.177"},"info":{"category":"","code":"A001","extra":{},"invocation_id":"019e6e84-ba1f-7f93-b011-82489035ccf5","level":"info","msg":"Running with dbt-fusion=2.0.0-preview.177","name":"MainReportVersion","pid":31816,"thread":"tokio-rt-worker","ts":"2026-05-28T12:17:32.790509Z"}}
{"data":{"args":{"debug":"false","invocation_command":"C:\\Users\\user\\.local\\bin\\dbt.exe license info --json --log-format json","log_format":"json","quiet":"false","write_json":"true"}},"info":{"category":"","code":"A002","extra":{},"invocation_id":"019e6e84-ba1f-7f93-b011-82489035ccf5","level":"debug","msg":"running dbt-fusion with arguments {\"command\":\"license\",\"vars\":\"{}\",\"limit\":\"10\",\"debug\":false,\"log_format\":\"json\",\"quiet\":false,\"write_json\":true,\"write_catalog\":false}","name":"MainReportArgs","pid":31816,"thread":"tokio-rt-worker","ts":"2026-05-28T12:17:32.790798Z"}}
{"data":{},"info":{"category":"","code":"","extra":{},"invocation_id":"019e6e84-ba1f-7f93-b011-82489035ccf5","level":"debug","msg":"No active cloud project configured, skipping remote license","name":"Generic","pid":31816,"thread":"tokio-rt-worker","ts":"2026-05-28T12:17:32.809366Z"}}
{"data":{"columns":[],"is_inline":true,"node_name":"license_info","output_format":"json","preview":"{\n  \"status\": \"not_found\",\n  \"licensing_enabled\": true\n}","unique_id":"license.info"},"info":{"category":"","code":"Q041","extra":{},"invocation_id":"019e6e84-ba1f-7f93-b011-82489035ccf5","level":"info","msg":"{\n  \"status\": \"not_found\",\n  \"licensing_enabled\": true\n}","name":"ShowNode","pid":31816,"thread":"tokio-rt-worker","ts":"2026-05-28T12:17:32.811640Z"}}
{"data":{"completed_at":"2026-05-28T12:17:33.714837Z","elapsed":0.9341210722923279,"success":true},"info":{"category":"","code":"Q039","extra":{},"invocation_id":"019e6e84-ba1f-7f93-b011-82489035ccf5","level":"info","msg":"\n==================== Execution Summary =====================\nFinished 'license' successfully [934ms]","name":"CommandCompleted","pid":31816,"thread":"tokio-rt-worker","ts":"2026-05-28T12:17:33.716893Z"}}
{"data":{"log_version":3,"version":"=2.0.0-preview.177"},"info":{"category":"","code":"A001","extra":{},"invocation_id":"019e6e88-823f-74a0-807f-0f4cc42a0292","level":"info","msg":"Running with dbt-fusion=2.0.0-preview.177","name":"MainReportVersion","pid":22268,"thread":"tokio-rt-worker","ts":"2026-05-28T12:21:40.615444Z"}}
{"data":{"args":{"debug":"false","invocation_command":"C:\\Users\\user\\.local\\bin\\dbt.exe license info --json --log-format json","log_format":"json","quiet":"false","write_json":"true"}},"info":{"category":"","code":"A002","extra":{},"invocation_id":"019e6e88-823f-74a0-807f-0f4cc42a0292","level":"debug","msg":"running dbt-fusion with arguments {\"command\":\"license\",\"vars\":\"{}\",\"limit\":\"10\",\"debug\":false,\"log_format\":\"json\",\"quiet\":false,\"write_json\":true,\"write_catalog\":false}","name":"MainReportArgs","pid":22268,"thread":"tokio-rt-worker","ts":"2026-05-28T12:21:40.615863Z"}}
{"data":{},"info":{"category":"","code":"","extra":{},"invocation_id":"019e6e88-823f-74a0-807f-0f4cc42a0292","level":"debug","msg":"No active cloud project configured, skipping remote license","name":"Generic","pid":22268,"thread":"tokio-rt-worker","ts":"2026-05-28T12:21:40.631411Z"}}
{"data":{"columns":[],"is_inline":true,"node_name":"license_info","output_format":"json","preview":"{\n  \"status\": \"not_found\",\n  \"licensing_enabled\": true\n}","unique_id":"license.info"},"info":{"category":"","code":"Q041","extra":{},"invocation_id":"019e6e88-823f-74a0-807f-0f4cc42a0292","level":"info","msg":"{\n  \"status\": \"not_found\",\n  \"licensing_enabled\": true\n}","name":"ShowNode","pid":22268,"thread":"tokio-rt-worker","ts":"2026-05-28T12:21:40.633077Z"}}
{"data":{"completed_at":"2026-05-28T12:21:41.475662Z","elapsed":0.8672938942909241,"success":true},"info":{"category":"","code":"Q039","extra":{},"invocation_id":"019e6e88-823f-74a0-807f-0f4cc42a0292","level":"info","msg":"\n==================== Execution Summary =====================\nFinished 'license' successfully [867ms]","name":"CommandCompleted","pid":22268,"thread":"tokio-rt-worker","ts":"2026-05-28T12:21:41.480246Z"}}
{"data":{"log_version":3,"version":"=2.0.0-preview.177"},"info":{"category":"","code":"A001","extra":{},"invocation_id":"019e6e89-d5ea-7a81-848f-1ab0a5199907","level":"info","msg":"Running with dbt-fusion=2.0.0-preview.177","name":"MainReportVersion","pid":26472,"thread":"tokio-rt-worker","ts":"2026-05-28T12:23:07.609747Z"}}
{"data":{"args":{"debug":"false","invocation_command":"C:\\Users\\user\\.local\\bin\\dbt.exe license info --json --log-format json","log_format":"json","quiet":"false","write_json":"true"}},"info":{"category":"","code":"A002","extra":{},"invocation_id":"019e6e89-d5ea-7a81-848f-1ab0a5199907","level":"debug","msg":"running dbt-fusion with arguments {\"command\":\"license\",\"vars\":\"{}\",\"limit\":\"10\",\"debug\":false,\"log_format\":\"json\",\"quiet\":false,\"write_json\":true,\"write_catalog\":false}","name":"MainReportArgs","pid":26472,"thread":"tokio-rt-worker","ts":"2026-05-28T12:23:07.610042Z"}}
{"data":{},"info":{"category":"","code":"","extra":{},"invocation_id":"019e6e89-d5ea-7a81-848f-1ab0a5199907","level":"debug","msg":"No active cloud project configured, skipping remote license","name":"Generic","pid":26472,"thread":"tokio-rt-worker","ts":"2026-05-28T12:23:07.636339Z"}}
{"data":{"columns":[],"is_inline":true,"node_name":"license_info","output_format":"json","preview":"{\n  \"status\": \"not_found\",\n  \"licensing_enabled\": true\n}","unique_id":"license.info"},"info":{"category":"","code":"Q041","extra":{},"invocation_id":"019e6e89-d5ea-7a81-848f-1ab0a5199907","level":"info","msg":"{\n  \"status\": \"not_found\",\n  \"licensing_enabled\": true\n}","name":"ShowNode","pid":26472,"thread":"tokio-rt-worker","ts":"2026-05-28T12:23:07.638755Z"}}
{"data":{"completed_at":"2026-05-28T12:23:08.503087Z","elapsed":0.9089972972869873,"success":true},"info":{"category":"","code":"Q039","extra":{},"invocation_id":"019e6e89-d5ea-7a81-848f-1ab0a5199907","level":"info","msg":"\n==================== Execution Summary =====================\nFinished 'license' successfully [908ms]","name":"CommandCompleted","pid":26472,"thread":"tokio-rt-worker","ts":"2026-05-28T12:23:08.506132Z"}}
{"data":{"log_version":3,"version":"=2.0.0-preview.177"},"info":{"category":"","code":"A001","extra":{},"invocation_id":"019e6e8b-2e8d-76c0-8b68-a4f49c3d040b","level":"info","msg":"Running with dbt-fusion=2.0.0-preview.177","name":"MainReportVersion","pid":28612,"thread":"tokio-rt-worker","ts":"2026-05-28T12:24:35.798299Z"}}
{"data":{"args":{"debug":"false","invocation_command":"C:\\Users\\user\\.local\\bin\\dbt.exe license info --json --log-format json","log_format":"json","quiet":"false","write_json":"true"}},"info":{"category":"","code":"A002","extra":{},"invocation_id":"019e6e8b-2e8d-76c0-8b68-a4f49c3d040b","level":"debug","msg":"running dbt-fusion with arguments {\"command\":\"license\",\"vars\":\"{}\",\"limit\":\"10\",\"debug\":false,\"log_format\":\"json\",\"quiet\":false,\"write_json\":true,\"write_catalog\":false}","name":"MainReportArgs","pid":28612,"thread":"tokio-rt-worker","ts":"2026-05-28T12:24:35.798561Z"}}
{"data":{},"info":{"category":"","code":"","extra":{},"invocation_id":"019e6e8b-2e8d-76c0-8b68-a4f49c3d040b","level":"debug","msg":"No active cloud project configured, skipping remote license","name":"Generic","pid":28612,"thread":"tokio-rt-worker","ts":"2026-05-28T12:24:35.814683Z"}}
{"data":{"columns":[],"is_inline":true,"node_name":"license_info","output_format":"json","preview":"{\n  \"status\": \"not_found\",\n  \"licensing_enabled\": true\n}","unique_id":"license.info"},"info":{"category":"","code":"Q041","extra":{},"invocation_id":"019e6e8b-2e8d-76c0-8b68-a4f49c3d040b","level":"info","msg":"{\n  \"status\": \"not_found\",\n  \"licensing_enabled\": true\n}","name":"ShowNode","pid":28612,"thread":"tokio-rt-worker","ts":"2026-05-28T12:24:35.816859Z"}}
{"data":{"completed_at":"2026-05-28T12:24:36.678084Z","elapsed":0.889581561088562,"success":true},"info":{"category":"","code":"Q039","extra":{},"invocation_id":"019e6e8b-2e8d-76c0-8b68-a4f49c3d040b","level":"info","msg":"\n==================== Execution Summary =====================\nFinished 'license' successfully [889ms]","name":"CommandCompleted","pid":28612,"thread":"tokio-rt-worker","ts":"2026-05-28T12:24:36.682614Z"}}
{"data":{"log_version":3,"version":"=2.0.0-preview.177"},"info":{"category":"","code":"A001","extra":{},"invocation_id":"019e6e8d-326e-7732-b22b-58d497159042","level":"info","msg":"Running with dbt-fusion=2.0.0-preview.177","name":"MainReportVersion","pid":32916,"thread":"tokio-rt-worker","ts":"2026-05-28T12:26:47.905021Z"}}
{"data":{"args":{"debug":"false","invocation_command":"C:\\Users\\user\\.local\\bin\\dbt.exe license info --json --log-format json","log_format":"json","quiet":"false","write_json":"true"}},"info":{"category":"","code":"A002","extra":{},"invocation_id":"019e6e8d-326e-7732-b22b-58d497159042","level":"debug","msg":"running dbt-fusion with arguments {\"command\":\"license\",\"vars\":\"{}\",\"limit\":\"10\",\"debug\":false,\"log_format\":\"json\",\"quiet\":false,\"write_json\":true,\"write_catalog\":false}","name":"MainReportArgs","pid":32916,"thread":"tokio-rt-worker","ts":"2026-05-28T12:26:47.905342Z"}}
{"data":{},"info":{"category":"","code":"","extra":{},"invocation_id":"019e6e8d-326e-7732-b22b-58d497159042","level":"debug","msg":"No active cloud project configured, skipping remote license","name":"Generic","pid":32916,"thread":"tokio-rt-worker","ts":"2026-05-28T12:26:47.922969Z"}}
{"data":{"columns":[],"is_inline":true,"node_name":"license_info","output_format":"json","preview":"{\n  \"status\": \"not_found\",\n  \"licensing_enabled\": true\n}","unique_id":"license.info"},"info":{"category":"","code":"Q041","extra":{},"invocation_id":"019e6e8d-326e-7732-b22b-58d497159042","level":"info","msg":"{\n  \"status\": \"not_found\",\n  \"licensing_enabled\": true\n}","name":"ShowNode","pid":32916,"thread":"tokio-rt-worker","ts":"2026-05-28T12:26:47.926023Z"}}
{"data":{"completed_at":"2026-05-28T12:26:48.806457Z","elapsed":0.9148027896881104,"success":true},"info":{"category":"","code":"Q039","extra":{},"invocation_id":"019e6e8d-326e-7732-b22b-58d497159042","level":"info","msg":"\n==================== Execution Summary =====================\nFinished 'license' successfully [914ms]","name":"CommandCompleted","pid":32916,"thread":"tokio-rt-worker","ts":"2026-05-28T12:26:48.810133Z"}}
{"data":{"log_version":3,"version":"=2.0.0-preview.177"},"info":{"category":"","code":"A001","extra":{},"invocation_id":"019e6e93-66b1-7993-b71c-a7f43fa0bcbc","level":"info","msg":"Running with dbt-fusion=2.0.0-preview.177","name":"MainReportVersion","pid":29508,"thread":"tokio-rt-worker","ts":"2026-05-28T12:33:35.397922Z"}}
{"data":{"args":{"debug":"false","invocation_command":"C:\\Users\\user\\.local\\bin\\dbt.exe license info --json --log-format json","log_format":"json","quiet":"false","write_json":"true"}},"info":{"category":"","code":"A002","extra":{},"invocation_id":"019e6e93-66b1-7993-b71c-a7f43fa0bcbc","level":"debug","msg":"running dbt-fusion with arguments {\"command\":\"license\",\"vars\":\"{}\",\"limit\":\"10\",\"debug\":false,\"log_format\":\"json\",\"quiet\":false,\"write_json\":true,\"write_catalog\":false}","name":"MainReportArgs","pid":29508,"thread":"tokio-rt-worker","ts":"2026-05-28T12:33:35.398186Z"}}
{"data":{},"info":{"category":"","code":"","extra":{},"invocation_id":"019e6e93-66b1-7993-b71c-a7f43fa0bcbc","level":"debug","msg":"No active cloud project configured, skipping remote license","name":"Generic","pid":29508,"thread":"tokio-rt-worker","ts":"2026-05-28T12:33:35.408993Z"}}
{"data":{"columns":[],"is_inline":true,"node_name":"license_info","output_format":"json","preview":"{\n  \"status\": \"not_found\",\n  \"licensing_enabled\": true\n}","unique_id":"license.info"},"info":{"category":"","code":"Q041","extra":{},"invocation_id":"019e6e93-66b1-7993-b71c-a7f43fa0bcbc","level":"info","msg":"{\n  \"status\": \"not_found\",\n  \"licensing_enabled\": true\n}","name":"ShowNode","pid":29508,"thread":"tokio-rt-worker","ts":"2026-05-28T12:33:35.410666Z"}}
{"data":{"completed_at":"2026-05-28T12:33:36.206209Z","elapsed":0.8122894167900085,"success":true},"info":{"category":"","code":"Q039","extra":{},"invocation_id":"019e6e93-66b1-7993-b71c-a7f43fa0bcbc","level":"info","msg":"\n==================== Execution Summary =====================\nFinished 'license' successfully [812ms]","name":"CommandCompleted","pid":29508,"thread":"tokio-rt-worker","ts":"2026-05-28T12:33:36.208497Z"}}
{"data":{"log_version":3,"version":"=2.0.0-preview.177"},"info":{"category":"","code":"A001","extra":{},"invocation_id":"019e6eba-6038-70f0-8e14-0ee7e9298efa","level":"info","msg":"Running with dbt-fusion=2.0.0-preview.177","name":"MainReportVersion","pid":31552,"thread":"tokio-rt-worker","ts":"2026-05-28T13:16:08.752618Z"}}
{"data":{"args":{"debug":"false","invocation_command":"C:\\Users\\user\\.local\\bin\\dbt.exe license info --json --log-format json","log_format":"json","quiet":"false","write_json":"true"}},"info":{"category":"","code":"A002","extra":{},"invocation_id":"019e6eba-6038-70f0-8e14-0ee7e9298efa","level":"debug","msg":"running dbt-fusion with arguments {\"command\":\"license\",\"vars\":\"{}\",\"limit\":\"10\",\"debug\":false,\"log_format\":\"json\",\"quiet\":false,\"write_json\":true,\"write_catalog\":false}","name":"MainReportArgs","pid":31552,"thread":"tokio-rt-worker","ts":"2026-05-28T13:16:08.752656Z"}}
{"data":{},"info":{"category":"","code":"","extra":{},"invocation_id":"019e6eba-6038-70f0-8e14-0ee7e9298efa","level":"debug","msg":"No active cloud project configured, skipping remote license","name":"Generic","pid":31552,"thread":"tokio-rt-worker","ts":"2026-05-28T13:16:08.786720Z"}}
{"data":{"columns":[],"is_inline":true,"node_name":"license_info","output_format":"json","preview":"{\n  \"status\": \"not_found\",\n  \"licensing_enabled\": true\n}","unique_id":"license.info"},"info":{"category":"","code":"Q041","extra":{},"invocation_id":"019e6eba-6038-70f0-8e14-0ee7e9298efa","level":"info","msg":"{\n  \"status\": \"not_found\",\n  \"licensing_enabled\": true\n}","name":"ShowNode","pid":31552,"thread":"tokio-rt-worker","ts":"2026-05-28T13:16:08.790476Z"}}
{"data":{"completed_at":"2026-05-28T13:16:09.641885Z","elapsed":0.9041580557823181,"success":true},"info":{"category":"","code":"Q039","extra":{},"invocation_id":"019e6eba-6038-70f0-8e14-0ee7e9298efa","level":"info","msg":"\n==================== Execution Summary =====================\nFinished 'license' successfully [904ms]","name":"CommandCompleted","pid":31552,"thread":"tokio-rt-worker","ts":"2026-05-28T13:16:09.644356Z"}}
{"data":{"log_version":3,"version":"=2.0.0-preview.177"},"info":{"category":"","code":"A001","extra":{},"invocation_id":"019e6ec7-05d2-7a10-bd43-cb9c6fcae6ca","level":"info","msg":"Running with dbt-fusion=2.0.0-preview.177","name":"MainReportVersion","pid":18804,"thread":"tokio-rt-worker","ts":"2026-05-28T13:29:57.526813Z"}}
{"data":{"args":{"debug":"false","invocation_command":"C:\\Users\\user\\.local\\bin\\dbt.exe license info --json --log-format json","log_format":"json","quiet":"false","write_json":"true"}},"info":{"category":"","code":"A002","extra":{},"invocation_id":"019e6ec7-05d2-7a10-bd43-cb9c6fcae6ca","level":"debug","msg":"running dbt-fusion with arguments {\"command\":\"license\",\"vars\":\"{}\",\"limit\":\"10\",\"debug\":false,\"log_format\":\"json\",\"quiet\":false,\"write_json\":true,\"write_catalog\":false}","name":"MainReportArgs","pid":18804,"thread":"tokio-rt-worker","ts":"2026-05-28T13:29:57.526847Z"}}
{"data":{},"info":{"category":"","code":"","extra":{},"invocation_id":"019e6ec7-05d2-7a10-bd43-cb9c6fcae6ca","level":"debug","msg":"No active cloud project configured, skipping remote license","name":"Generic","pid":18804,"thread":"tokio-rt-worker","ts":"2026-05-28T13:29:57.564160Z"}}
{"data":{"columns":[],"is_inline":true,"node_name":"license_info","output_format":"json","preview":"{\n  \"status\": \"not_found\",\n  \"licensing_enabled\": true\n}","unique_id":"license.info"},"info":{"category":"","code":"Q041","extra":{},"invocation_id":"019e6ec7-05d2-7a10-bd43-cb9c6fcae6ca","level":"info","msg":"{\n  \"status\": \"not_found\",\n  \"licensing_enabled\": true\n}","name":"ShowNode","pid":18804,"thread":"tokio-rt-worker","ts":"2026-05-28T13:29:57.572110Z"}}
{"data":{"completed_at":"2026-05-28T13:29:58.492704Z","elapsed":0.9958019852638245,"success":true},"info":{"category":"","code":"Q039","extra":{},"invocation_id":"019e6ec7-05d2-7a10-bd43-cb9c6fcae6ca","level":"info","msg":"\n==================== Execution Summary =====================\nFinished 'license' successfully [995ms]","name":"CommandCompleted","pid":18804,"thread":"tokio-rt-worker","ts":"2026-05-28T13:29:58.494458Z"}}
